// Vitest Snapshot v1

exports[`product-list > matches snapshot 1`] = `
"<div><button type=\\"button\\" class=\\"text-white bg-blue-700 hover:bg-blue-800 focus:outline-none focus:ring-4 focus:ring-blue-300 font-medium rounded-full text-sm px-5 py-2.5 text-center mr-2 mb-2 dark:bg-blue-600 dark:hover:bg-blue-700 dark:focus:ring-blue-800 mt-12\\">Download products</button>
  <div class=\\"flex justify-center items-center\\">
    <!--v-if-->
    <!--v-if-->
  </div>
  <div class=\\"bg-white\\">
    <div class=\\"max-w-2xl mx-auto py-16 px-4 sm:py-24 sm:px-6 lg:max-w-7xl lg:px-8\\">
      <h2 class=\\"text-2xl font-extrabold tracking-tight text-gray-900\\"> Customers also purchased </h2>
      <div class=\\"mt-6 grid grid-cols-1 gap-y-10 gap-x-6 sm:grid-cols-2 lg:grid-cols-4 xl:gap-x-8\\"></div>
    </div>
  </div>
  <div class=\\"greetings\\" data-v-469af010=\\"\\">
    <h1 class=\\"green text-center\\" data-v-469af010=\\"\\">What a day!</h1>
  </div>
</div>"
`;
